Wishy Happy@WishyHappy-PC MINGW64 /e/Git/TechMCode
$ git clone https://github.com/Deepthiraom/TechM.git
Cloning into 'TechM'...
warning: You appear to have cloned an empty repository.

Wishy Happy@WishyHappy-PC MINGW64 /e/Git/TechMCode
$ cd TechM

Wishy Happy@WishyHappy-PC MINGW64 /e/Git/TechMCode/TechM (master)
$ git add --all
warning: LF will be replaced by CRLF in Report/TechM_FAcebook.html.
The file will have its original line endings in your working directory
warning: LF will be replaced by CRLF in debug.log.
The file will have its original line endings in your working directory
warning: LF will be replaced by CRLF in lib/META-INF/LICENSE.txt.
The file will have its original line endings in your working directory
warning: LF will be replaced by CRLF in lib/META-INF/maven/com.google.guava/guava/pom.properties.
The file will have its original line endings in your working directory
warning: LF will be replaced by CRLF in lib/META-INF/maven/com.google.guava/guava/pom.xml.
The file will have its original line endings in your working directory
warning: LF will be replaced by CRLF in lib/META-INF/maven/com.squareup.okhttp3/okhttp/pom.properties.
The file will have its original line endings in your working directory
warning: LF will be replaced by CRLF in lib/META-INF/maven/com.squareup.okhttp3/okhttp/pom.xml.
The file will have its original line endings in your working directory
warning: LF will be replaced by CRLF in lib/META-INF/maven/com.squareup.okio/okio/pom.properties.
The file will have its original line endings in your working directory
warning: LF will be replaced by CRLF in lib/META-INF/maven/com.squareup.okio/okio/pom.xml.
The file will have its original line endings in your working directory
warning: LF will be replaced by CRLF in lib/META-INF/maven/javax.servlet/javax.servlet-api/pom.properties.
The file will have its original line endings in your working directory
warning: LF will be replaced by CRLF in lib/META-INF/maven/javax.servlet/javax.servlet-api/pom.xml.
The file will have its original line endings in your working directory
warning: LF will be replaced by CRLF in lib/META-INF/maven/net.bytebuddy/byte-buddy-dep/pom.properties.
The file will have its original line endings in your working directory
warning: LF will be replaced by CRLF in lib/META-INF/maven/net.bytebuddy/byte-buddy-dep/pom.xml.
The file will have its original line endings in your working directory
warning: LF will be replaced by CRLF in lib/META-INF/maven/net.bytebuddy/byte-buddy/pom.properties.
The file will have its original line endings in your working directory
warning: LF will be replaced by CRLF in lib/META-INF/maven/net.bytebuddy/byte-buddy/pom.xml.
The file will have its original line endings in your working directory
warning: LF will be replaced by CRLF in lib/META-INF/maven/org.eclipse.jetty/jetty-http/pom.properties.
The file will have its original line endings in your working directory
warning: LF will be replaced by CRLF in lib/META-INF/maven/org.eclipse.jetty/jetty-http/pom.xml.
The file will have its original line endings in your working directory
warning: LF will be replaced by CRLF in lib/META-INF/maven/org.eclipse.jetty/jetty-io/pom.properties.
The file will have its original line endings in your working directory
warning: LF will be replaced by CRLF in lib/META-INF/maven/org.eclipse.jetty/jetty-io/pom.xml.
The file will have its original line endings in your working directory
warning: LF will be replaced by CRLF in lib/META-INF/maven/org.eclipse.jetty/jetty-jmx/pom.properties.
The file will have its original line endings in your working directory
warning: LF will be replaced by CRLF in lib/META-INF/maven/org.eclipse.jetty/jetty-jmx/pom.xml.
The file will have its original line endings in your working directory
warning: LF will be replaced by CRLF in lib/META-INF/maven/org.eclipse.jetty/jetty-security/pom.properties.
The file will have its original line endings in your working directory
warning: LF will be replaced by CRLF in lib/META-INF/maven/org.eclipse.jetty/jetty-security/pom.xml.
The file will have its original line endings in your working directory
warning: LF will be replaced by CRLF in lib/META-INF/maven/org.eclipse.jetty/jetty-server/pom.properties.
The file will have its original line endings in your working directory
warning: LF will be replaced by CRLF in lib/META-INF/maven/org.eclipse.jetty/jetty-server/pom.xml.
The file will have its original line endings in your working directory
warning: LF will be replaced by CRLF in lib/META-INF/maven/org.eclipse.jetty/jetty-servlet/pom.properties.
The file will have its original line endings in your working directory
warning: LF will be replaced by CRLF in lib/META-INF/maven/org.eclipse.jetty/jetty-servlet/pom.xml.
The file will have its original line endings in your working directory
warning: LF will be replaced by CRLF in lib/META-INF/maven/org.eclipse.jetty/jetty-util/pom.properties.
The file will have its original line endings in your working directory
warning: LF will be replaced by CRLF in lib/META-INF/maven/org.eclipse.jetty/jetty-util/pom.xml.
The file will have its original line endings in your working directory
warning: LF will be replaced by CRLF in lib/META-INF/maven/org.eclipse.jetty/jetty-xml/pom.properties.
The file will have its original line endings in your working directory
warning: LF will be replaced by CRLF in lib/META-INF/maven/org.eclipse.jetty/jetty-xml/pom.xml.
The file will have its original line endings in your working directory
warning: LF will be replaced by CRLF in lib/META-INF/maven/org.yaml/snakeyaml/pom.properties.
The file will have its original line endings in your working directory
warning: LF will be replaced by CRLF in lib/META-INF/maven/org.yaml/snakeyaml/pom.xml.
The file will have its original line endings in your working directory
warning: LF will be replaced by CRLF in lib/META-INF/proguard/okhttp3.pro.
The file will have its original line endings in your working directory
warning: LF will be replaced by CRLF in test-output/Default suite/Default test.html.
The file will have its original line endings in your working directory
warning: LF will be replaced by CRLF in test-output/Default suite/Default test.xml.
The file will have its original line endings in your working directory
warning: LF will be replaced by CRLF in test-output/Tech Mahindra/Chrome Test.html.
The file will have its original line endings in your working directory
warning: LF will be replaced by CRLF in test-output/Tech Mahindra/Chrome Test.xml.
The file will have its original line endings in your working directory
warning: LF will be replaced by CRLF in test-output/Tech Mahindra/Firefox Test.html.
The file will have its original line endings in your working directory
warning: LF will be replaced by CRLF in test-output/Tech Mahindra/Firefox Test.xml.
The file will have its original line endings in your working directory
warning: LF will be replaced by CRLF in test-output/index.html.
The file will have its original line endings in your working directory
warning: LF will be replaced by CRLF in test-output/junitreports/TEST-com.techm.selenium.home.ExcelRead.xml.
The file will have its original line endings in your working directory
warning: LF will be replaced by CRLF in test-output/junitreports/TEST-com.techm.selenium.home.Report1.xml.
The file will have its original line endings in your working directory
warning: LF will be replaced by CRLF in test-output/junitreports/TEST-com.techm.selenium.home.TC001.xml.
The file will have its original line endings in your working directory
warning: LF will be replaced by CRLF in test-output/junitreports/TEST-com.techm.selenium.home.TC002.xml.
The file will have its original line endings in your working directory
warning: LF will be replaced by CRLF in test-output/junitreports/TEST-com.techm.selenium.home.TC004.xml.
The file will have its original line endings in your working directory
warning: LF will be replaced by CRLF in test-output/junitreports/TEST-com.techm.selenium.products.TC003.xml.
The file will have its original line endings in your working directory
warning: LF will be replaced by CRLF in test-output/junitreports/TEST-com.techm.selenium.products.TC004.xml.
The file will have its original line endings in your working directory
warning: LF will be replaced by CRLF in test-output/old/Default suite/classes.html.
The file will have its original line endings in your working directory
warning: LF will be replaced by CRLF in test-output/old/Default suite/index.html.
The file will have its original line endings in your working directory
warning: LF will be replaced by CRLF in test-output/old/Default suite/main.html.
The file will have its original line endings in your working directory
warning: LF will be replaced by CRLF in test-output/old/Default suite/methods-alphabetical.html.
The file will have its original line endings in your working directory
warning: LF will be replaced by CRLF in test-output/old/Default suite/methods-not-run.html.
The file will have its original line endings in your working directory
warning: LF will be replaced by CRLF in test-output/old/Default suite/methods.html.
The file will have its original line endings in your working directory
warning: LF will be replaced by CRLF in test-output/old/Default suite/toc.html.
The file will have its original line endings in your working directory
warning: LF will be replaced by CRLF in test-output/old/Tech Mahindra/classes.html.
The file will have its original line endings in your working directory
warning: LF will be replaced by CRLF in test-output/old/Tech Mahindra/index.html.
The file will have its original line endings in your working directory
warning: LF will be replaced by CRLF in test-output/old/Tech Mahindra/main.html.
The file will have its original line endings in your working directory
warning: LF will be replaced by CRLF in test-output/old/Tech Mahindra/methods-alphabetical.html.
The file will have its original line endings in your working directory
warning: LF will be replaced by CRLF in test-output/old/Tech Mahindra/methods-not-run.html.
The file will have its original line endings in your working directory
warning: LF will be replaced by CRLF in test-output/old/Tech Mahindra/methods.html.
The file will have its original line endings in your working directory
warning: LF will be replaced by CRLF in test-output/old/Tech Mahindra/toc.html.
The file will have its original line endings in your working directory
warning: LF will be replaced by CRLF in test-output/old/index.html.
The file will have its original line endings in your working directory

Wishy Happy@WishyHappy-PC MINGW64 /e/Git/TechMCode/TechM (master)
$ git commit -m "TechMtotalcode"

*** Please tell me who you are.

Run

  git config --global user.email "you@example.com"
  git config --global user.name "Your Name"

to set your account's default identity.
Omit --global to set the identity only in this repository.

fatal: unable to auto-detect email address (got 'Wishy Happy@WishyHappy-PC.(none)')

Wishy Happy@WishyHappy-PC MINGW64 /e/Git/TechMCode/TechM (master)
$ git config --global user.email "deepthiraom@gmail.com"

Wishy Happy@WishyHappy-PC MINGW64 /e/Git/TechMCode/TechM (master)
$ git config --global user.name "deepthiraom"

Wishy Happy@WishyHappy-PC MINGW64 /e/Git/TechMCode/TechM (master)
$ git commit -m "TechMtotalcode"
[master (root-commit) acb9f6c] TechMtotalcode
 165 files changed, 5640 insertions(+)
 create mode 100644 .classpath
 create mode 100644 .project
 create mode 100644 .settings/org.eclipse.jdt.core.prefs
 create mode 100644 Report/TechM_FAcebook.html
 create mode 100644 Resources/OR.properties
 create mode 100644 Resources/config.properties
 create mode 100644 TestData/Techm_Testdata.xlsx
 create mode 100644 Testng.bat
 create mode 100644 Testng.bat.txt
 create mode 100644 bin/com/techm/selenium/businessfunctions/Business.class
 create mode 100644 bin/com/techm/selenium/home/ExcelRead.class
 create mode 100644 bin/com/techm/selenium/home/Report1.class
 create mode 100644 bin/com/techm/selenium/home/TC001.class
 create mode 100644 bin/com/techm/selenium/home/TC002.class
 create mode 100644 bin/com/techm/selenium/home/TC004.class
 create mode 100644 bin/com/techm/selenium/products/TC003.class
 create mode 100644 bin/com/techm/selenium/products/TC004.class
 create mode 100644 bin/com/techm/selenium/utilies/Commons.class
 create mode 100644 bin/com/techm/selenium/utilies/OpenBrowser.class
 create mode 100644 build.xml
 create mode 100644 debug.log
 create mode 100644 drivers/IEDriverServer.exe
 create mode 100644 drivers/chromedriver.exe
 create mode 100644 drivers/chromedriver_old.exe
 create mode 100644 drivers/geckodriver.exe
 create mode 100644 lib/META-INF/LICENSE.txt
 create mode 100644 lib/META-INF/MANIFEST.MF
 create mode 100644 lib/META-INF/NOTICE.txt
 create mode 100644 lib/META-INF/maven/com.google.guava/guava/pom.properties
 create mode 100644 lib/META-INF/maven/com.google.guava/guava/pom.xml
 create mode 100644 lib/META-INF/maven/com.squareup.okhttp3/okhttp/pom.properties
 create mode 100644 lib/META-INF/maven/com.squareup.okhttp3/okhttp/pom.xml
 create mode 100644 lib/META-INF/maven/com.squareup.okio/okio/pom.properties
 create mode 100644 lib/META-INF/maven/com.squareup.okio/okio/pom.xml
 create mode 100644 lib/META-INF/maven/javax.servlet/javax.servlet-api/pom.properties
 create mode 100644 lib/META-INF/maven/javax.servlet/javax.servlet-api/pom.xml
 create mode 100644 lib/META-INF/maven/net.bytebuddy/byte-buddy-dep/pom.properties
 create mode 100644 lib/META-INF/maven/net.bytebuddy/byte-buddy-dep/pom.xml
 create mode 100644 lib/META-INF/maven/net.bytebuddy/byte-buddy/pom.properties
 create mode 100644 lib/META-INF/maven/net.bytebuddy/byte-buddy/pom.xml
 create mode 100644 lib/META-INF/maven/org.apache.commons/commons-exec/pom.properties
 create mode 100644 lib/META-INF/maven/org.apache.commons/commons-exec/pom.xml
 create mode 100644 lib/META-INF/maven/org.eclipse.jetty/jetty-http/pom.properties
 create mode 100644 lib/META-INF/maven/org.eclipse.jetty/jetty-http/pom.xml
 create mode 100644 lib/META-INF/maven/org.eclipse.jetty/jetty-io/pom.properties
 create mode 100644 lib/META-INF/maven/org.eclipse.jetty/jetty-io/pom.xml
 create mode 100644 lib/META-INF/maven/org.eclipse.jetty/jetty-jmx/pom.properties
 create mode 100644 lib/META-INF/maven/org.eclipse.jetty/jetty-jmx/pom.xml
 create mode 100644 lib/META-INF/maven/org.eclipse.jetty/jetty-security/pom.properties
 create mode 100644 lib/META-INF/maven/org.eclipse.jetty/jetty-security/pom.xml
 create mode 100644 lib/META-INF/maven/org.eclipse.jetty/jetty-server/pom.properties
 create mode 100644 lib/META-INF/maven/org.eclipse.jetty/jetty-server/pom.xml
 create mode 100644 lib/META-INF/maven/org.eclipse.jetty/jetty-servlet/pom.properties
 create mode 100644 lib/META-INF/maven/org.eclipse.jetty/jetty-servlet/pom.xml
 create mode 100644 lib/META-INF/maven/org.eclipse.jetty/jetty-util/pom.properties
 create mode 100644 lib/META-INF/maven/org.eclipse.jetty/jetty-util/pom.xml
 create mode 100644 lib/META-INF/maven/org.eclipse.jetty/jetty-xml/pom.properties
 create mode 100644 lib/META-INF/maven/org.eclipse.jetty/jetty-xml/pom.xml
 create mode 100644 lib/META-INF/maven/org.yaml/snakeyaml/pom.properties
 create mode 100644 lib/META-INF/maven/org.yaml/snakeyaml/pom.xml
 create mode 100644 lib/META-INF/proguard/okhttp3.pro
 create mode 100644 lib/META-INF/versions/9
 create mode 100644 lib/ant-1.7.0.jar
 create mode 100644 lib/ant-launcher-1.7.0.jar
 create mode 100644 lib/bsh-2.0b4.jar
 create mode 100644 lib/bson-3.0.4.jar
 create mode 100644 lib/byte-buddy-1.7.5.jar
 create mode 100644 lib/client-combined-3.8.1-sources.jar
 create mode 100644 lib/client-combined-3.8.1.jar
 create mode 100644 lib/commons-codec-1.10.jar
 create mode 100644 lib/commons-collections4-4.1.jar
 create mode 100644 lib/commons-exec-1.3.jar
 create mode 100644 lib/commons-logging-1.2.jar
 create mode 100644 lib/curvesapi-1.04.jar
 create mode 100644 lib/extentreports-java-2.41.0.jar
 create mode 100644 lib/freemarker-2.3.23.jar
 create mode 100644 lib/gson-2.8.2.jar
 create mode 100644 lib/guava-23.0.jar
 create mode 100644 lib/hamcrest-core-1.1.jar
 create mode 100644 lib/httpclient-4.5.3.jar
 create mode 100644 lib/httpcore-4.4.6.jar
 create mode 100644 lib/jcommander-1.48.jar
 create mode 100644 lib/jsoup-1.8.3.jar
 create mode 100644 lib/junit-4.10.jar
 create mode 100644 lib/junit-4.12.jar
 create mode 100644 lib/log4j-1.2.17.jar
 create mode 100644 lib/mongodb-driver-3.0.4.jar
 create mode 100644 lib/mongodb-driver-core-3.0.4.jar
 create mode 100644 lib/poi-3.16-beta2.jar
 create mode 100644 lib/poi-examples-3.16-beta2.jar
 create mode 100644 lib/poi-excelant-3.16-beta2.jar
 create mode 100644 lib/poi-ooxml-3.16-beta2.jar
 create mode 100644 lib/poi-ooxml-schemas-3.16-beta2.jar
 create mode 100644 lib/poi-scratchpad-3.16-beta2.jar
 create mode 100644 lib/selenium-server-standalone-3.141.59.jar
 create mode 100644 lib/snakeyaml-1.15.jar
 create mode 100644 lib/sqlite-jdbc-3.8.11.1.jar
 create mode 100644 lib/testng-6.9.9.jar
 create mode 100644 lib/xmlbeans-2.6.0.jar
 create mode 100644 regression.xml
 create mode 100644 src/com/techm/selenium/businessfunctions/Business.java
 create mode 100644 src/com/techm/selenium/home/ExcelRead.java
 create mode 100644 src/com/techm/selenium/home/Report1.java
 create mode 100644 src/com/techm/selenium/home/TC001.java
 create mode 100644 src/com/techm/selenium/home/TC002.java
 create mode 100644 src/com/techm/selenium/home/TC004.java
 create mode 100644 src/com/techm/selenium/products/TC003.java
 create mode 100644 src/com/techm/selenium/products/TC004.java
 create mode 100644 src/com/techm/selenium/utilies/Commons.java
 create mode 100644 src/com/techm/selenium/utilies/OpenBrowser.java
 create mode 100644 test-output/Default suite/Default test.html
 create mode 100644 test-output/Default suite/Default test.xml
 create mode 100644 test-output/Default suite/testng-failed.xml
 create mode 100644 test-output/Tech Mahindra/Chrome Test.html
 create mode 100644 test-output/Tech Mahindra/Chrome Test.xml
 create mode 100644 test-output/Tech Mahindra/Firefox Test.html
 create mode 100644 test-output/Tech Mahindra/Firefox Test.xml
 create mode 100644 test-output/Tech Mahindra/testng-failed.xml
 create mode 100644 test-output/bullet_point.png
 create mode 100644 test-output/collapseall.gif
 create mode 100644 test-output/emailable-report.html
 create mode 100644 test-output/failed.png
 create mode 100644 test-output/index.html
 create mode 100644 test-output/jquery-1.7.1.min.js
 create mode 100644 test-output/junitreports/TEST-com.techm.selenium.home.ExcelRead.xml
 create mode 100644 test-output/junitreports/TEST-com.techm.selenium.home.Report1.xml
 create mode 100644 test-output/junitreports/TEST-com.techm.selenium.home.TC001.xml
 create mode 100644 test-output/junitreports/TEST-com.techm.selenium.home.TC002.xml
 create mode 100644 test-output/junitreports/TEST-com.techm.selenium.home.TC004.xml
 create mode 100644 test-output/junitreports/TEST-com.techm.selenium.products.TC003.xml
 create mode 100644 test-output/junitreports/TEST-com.techm.selenium.products.TC004.xml
 create mode 100644 test-output/navigator-bullet.png
 create mode 100644 test-output/old/Default suite/Default test.properties
 create mode 100644 test-output/old/Default suite/classes.html
 create mode 100644 test-output/old/Default suite/groups.html
 create mode 100644 test-output/old/Default suite/index.html
 create mode 100644 test-output/old/Default suite/main.html
 create mode 100644 test-output/old/Default suite/methods-alphabetical.html
 create mode 100644 test-output/old/Default suite/methods-not-run.html
 create mode 100644 test-output/old/Default suite/methods.html
 create mode 100644 test-output/old/Default suite/reporter-output.html
 create mode 100644 test-output/old/Default suite/testng.xml.html
 create mode 100644 test-output/old/Default suite/toc.html
 create mode 100644 test-output/old/Tech Mahindra/Chrome Test.properties
 create mode 100644 test-output/old/Tech Mahindra/Firefox Test.properties
 create mode 100644 test-output/old/Tech Mahindra/classes.html
 create mode 100644 test-output/old/Tech Mahindra/groups.html
 create mode 100644 test-output/old/Tech Mahindra/index.html
 create mode 100644 test-output/old/Tech Mahindra/main.html
 create mode 100644 test-output/old/Tech Mahindra/methods-alphabetical.html
 create mode 100644 test-output/old/Tech Mahindra/methods-not-run.html
 create mode 100644 test-output/old/Tech Mahindra/methods.html
 create mode 100644 test-output/old/Tech Mahindra/reporter-output.html
 create mode 100644 test-output/old/Tech Mahindra/testng.xml.html
 create mode 100644 test-output/old/Tech Mahindra/toc.html
 create mode 100644 test-output/old/index.html
 create mode 100644 test-output/passed.png
 create mode 100644 test-output/skipped.png
 create mode 100644 test-output/testng-failed.xml
 create mode 100644 test-output/testng-reports.css
 create mode 100644 test-output/testng-reports.js
 create mode 100644 test-output/testng-results.xml
 create mode 100644 test-output/testng.css
 create mode 100644 testng.out.xml
 create mode 100644 testng.xml

Wishy Happy@WishyHappy-PC MINGW64 /e/Git/TechMCode/TechM (master)
$ git push origin master
Username for 'https://github.com': deepthiraom@gmail.com
Enumerating objects: 216, done.
